#0 building with "mab-344f9b24" instance using docker-container driver

#1 [internal] load build definition from Dockerfile.benchmark
#1 transferring dockerfile: 2.14kB done
#1 DONE 0.0s

#2 resolve image config for docker-image://docker.io/docker/dockerfile:1.7
#2 DONE 0.7s

#3 docker-image://docker.io/docker/dockerfile:1.7@sha256:a57df69d0ea827fb7266491f2813635de6f17269be881f696fbfdf2d83dda33e
#3 resolve docker.io/docker/dockerfile:1.7@sha256:a57df69d0ea827fb7266491f2813635de6f17269be881f696fbfdf2d83dda33e done
#3 sha256:6e230fe0035dc5b9d8d5e65513d1f11ae3b25d14362031fb540a4c23bf862933 0B / 11.24MB 0.2s
#3 sha256:6e230fe0035dc5b9d8d5e65513d1f11ae3b25d14362031fb540a4c23bf862933 2.10MB / 11.24MB 0.3s
#3 sha256:6e230fe0035dc5b9d8d5e65513d1f11ae3b25d14362031fb540a4c23bf862933 6.18MB / 11.24MB 0.5s
#3 sha256:6e230fe0035dc5b9d8d5e65513d1f11ae3b25d14362031fb540a4c23bf862933 11.24MB / 11.24MB 0.6s done
#3 extracting sha256:6e230fe0035dc5b9d8d5e65513d1f11ae3b25d14362031fb540a4c23bf862933 0.1s done
#3 DONE 0.7s

#4 [internal] load metadata for docker.io/library/python:3.12-slim-bookworm
#4 DONE 0.5s

#5 [internal] load .dockerignore
#5 transferring context: 2B done
#5 DONE 0.0s

#6 [toolchain 1/3] FROM docker.io/library/python:3.12-slim-bookworm@sha256:54c85f3c47607a77f32adec749d3c81d1348bf25833671f512b26a9b6d778cb3
#6 resolve docker.io/library/python:3.12-slim-bookworm@sha256:54c85f3c47607a77f32adec749d3c81d1348bf25833671f512b26a9b6d778cb3 done
#6 sha256:59fc966a4f9d30ea2c9c65a11edd7670cfd41fe7f820f39793b2f2679d7bd47f 249B / 249B 0.1s done
#6 sha256:774043ccc8ccd0d0833a9ee0792142ab7ad93df971e59dd248fbf82db16d0150 1.05MB / 28.24MB 0.3s
#6 sha256:faea3286cb6abfea4fdbf739c2057772b9a45ba3ee053190696b5f56aff29665 0B / 13.68MB 0.2s
#6 sha256:dbf5e2aa24a0e681a98b3a0196c5f88f5085ff5a3ef596b3f679d5ccb16ca199 0B / 3.98MB 0.2s
#6 sha256:774043ccc8ccd0d0833a9ee0792142ab7ad93df971e59dd248fbf82db16d0150 6.29MB / 28.24MB 0.6s
#6 sha256:faea3286cb6abfea4fdbf739c2057772b9a45ba3ee053190696b5f56aff29665 2.10MB / 13.68MB 0.6s
#6 sha256:dbf5e2aa24a0e681a98b3a0196c5f88f5085ff5a3ef596b3f679d5ccb16ca199 1.05MB / 3.98MB 0.6s
#6 sha256:faea3286cb6abfea4fdbf739c2057772b9a45ba3ee053190696b5f56aff29665 3.15MB / 13.68MB 0.8s
#6 sha256:dbf5e2aa24a0e681a98b3a0196c5f88f5085ff5a3ef596b3f679d5ccb16ca199 3.98MB / 3.98MB 0.8s done
#6 sha256:774043ccc8ccd0d0833a9ee0792142ab7ad93df971e59dd248fbf82db16d0150 10.49MB / 28.24MB 1.1s
#6 sha256:faea3286cb6abfea4fdbf739c2057772b9a45ba3ee053190696b5f56aff29665 5.24MB / 13.68MB 0.9s
#6 sha256:774043ccc8ccd0d0833a9ee0792142ab7ad93df971e59dd248fbf82db16d0150 12.58MB / 28.24MB 1.2s
#6 sha256:faea3286cb6abfea4fdbf739c2057772b9a45ba3ee053190696b5f56aff29665 6.29MB / 13.68MB 1.1s
#6 sha256:774043ccc8ccd0d0833a9ee0792142ab7ad93df971e59dd248fbf82db16d0150 16.78MB / 28.24MB 1.4s
#6 sha256:faea3286cb6abfea4fdbf739c2057772b9a45ba3ee053190696b5f56aff29665 9.44MB / 13.68MB 1.2s
#6 sha256:faea3286cb6abfea4fdbf739c2057772b9a45ba3ee053190696b5f56aff29665 10.49MB / 13.68MB 1.4s
#6 sha256:774043ccc8ccd0d0833a9ee0792142ab7ad93df971e59dd248fbf82db16d0150 22.02MB / 28.24MB 1.7s
#6 sha256:faea3286cb6abfea4fdbf739c2057772b9a45ba3ee053190696b5f56aff29665 13.68MB / 13.68MB 1.5s done
#6 sha256:774043ccc8ccd0d0833a9ee0792142ab7ad93df971e59dd248fbf82db16d0150 24.12MB / 28.24MB 1.8s
#6 sha256:774043ccc8ccd0d0833a9ee0792142ab7ad93df971e59dd248fbf82db16d0150 27.26MB / 28.24MB 2.0s
#6 sha256:774043ccc8ccd0d0833a9ee0792142ab7ad93df971e59dd248fbf82db16d0150 28.24MB / 28.24MB 2.1s done
#6 extracting sha256:774043ccc8ccd0d0833a9ee0792142ab7ad93df971e59dd248fbf82db16d0150
#6 extracting sha256:774043ccc8ccd0d0833a9ee0792142ab7ad93df971e59dd248fbf82db16d0150 0.6s done
#6 DONE 2.8s

#6 [toolchain 1/3] FROM docker.io/library/python:3.12-slim-bookworm@sha256:54c85f3c47607a77f32adec749d3c81d1348bf25833671f512b26a9b6d778cb3
#6 extracting sha256:dbf5e2aa24a0e681a98b3a0196c5f88f5085ff5a3ef596b3f679d5ccb16ca199 0.1s done
#6 extracting sha256:faea3286cb6abfea4fdbf739c2057772b9a45ba3ee053190696b5f56aff29665
#6 extracting sha256:faea3286cb6abfea4fdbf739c2057772b9a45ba3ee053190696b5f56aff29665 0.3s done
#6 DONE 3.2s

#6 [toolchain 1/3] FROM docker.io/library/python:3.12-slim-bookworm@sha256:54c85f3c47607a77f32adec749d3c81d1348bf25833671f512b26a9b6d778cb3
#6 extracting sha256:59fc966a4f9d30ea2c9c65a11edd7670cfd41fe7f820f39793b2f2679d7bd47f done
#6 DONE 3.2s

#7 [toolchain 2/3] RUN apt-get update  && apt-get install -y --no-install-recommends build-essential pkg-config libssl-dev libffi-dev curl ca-certificates  && rm -rf /var/lib/apt/lists/*
#7 0.355 Get:1 http://deb.debian.org/debian bookworm InRelease [151 kB]
#7 0.439 Get:2 http://deb.debian.org/debian bookworm-updates InRelease [55.4 kB]
#7 0.455 Get:3 http://deb.debian.org/debian-security bookworm-security InRelease [34.8 kB]
#7 0.976 Get:4 http://deb.debian.org/debian bookworm/main amd64 Packages [8790 kB]
#7 2.308 Get:5 http://deb.debian.org/debian bookworm-updates/main amd64 Packages [6924 B]
#7 2.311 Get:6 http://deb.debian.org/debian-security bookworm-security/main amd64 Packages [349 kB]
#7 5.115 Fetched 9387 kB in 5s (1903 kB/s)
#7 5.115 Reading package lists...
#7 6.613 Reading package lists...
#7 8.047 Building dependency tree...
#7 8.294 Reading state information...
#7 8.529 ca-certificates is already the newest version (20250419~deb12u1).
#7 8.529 The following additional packages will be installed:
#7 8.529   binutils binutils-common binutils-x86-64-linux-gnu bzip2 cpp cpp-12 dpkg-dev
#7 8.529   g++ g++-12 gcc gcc-12 libasan8 libatomic1 libbinutils libbrotli1
#7 8.530   libc-dev-bin libc6-dev libcc1-0 libcrypt-dev libctf-nobfd0 libctf0 libcurl4
#7 8.530   libdpkg-perl libgcc-12-dev libgdbm-compat4 libgomp1 libgprofng0 libisl23
#7 8.530   libitm1 libjansson4 libldap-2.5-0 liblsan0 libmpc3 libmpfr6 libnghttp2-14
#7 8.530   libnsl-dev libperl5.36 libpkgconf3 libpsl5 libquadmath0 librtmp1 libsasl2-2
#7 8.530   libsasl2-modules-db libssh2-1 libstdc++-12-dev libtirpc-dev libtsan2
#7 8.531   libubsan1 linux-libc-dev make patch perl perl-base perl-modules-5.36 pkgconf
#7 8.531   pkgconf-bin rpcsvc-proto xz-utils
#7 8.533 Suggested packages:
#7 8.533   binutils-doc bzip2-doc cpp-doc gcc-12-locales cpp-12-doc debian-keyring
#7 8.533   g++-multilib g++-12-multilib gcc-12-doc gcc-multilib manpages-dev autoconf
#7 8.533   automake libtool flex bison gdb gcc-doc gcc-12-multilib glibc-doc gnupg | sq
#7 8.533   | sqop | pgpainless-cli sensible-utils git bzr libssl-doc libstdc++-12-doc
#7 8.533   make-doc ed diffutils-doc perl-doc libterm-readline-gnu-perl
#7 8.533   | libterm-readline-perl-perl libtap-harness-archive-perl
#7 8.533 Recommended packages:
#7 8.533   fakeroot gnupg | sq | sqop | pgpainless-cli libalgorithm-merge-perl manpages
#7 8.533   manpages-dev libc-devtools libfile-fcntllock-perl liblocale-gettext-perl
#7 8.533   libldap-common publicsuffix libsasl2-modules
#7 9.138 The following NEW packages will be installed:
#7 9.138   binutils binutils-common binutils-x86-64-linux-gnu build-essential bzip2 cpp
#7 9.138   cpp-12 curl dpkg-dev g++ g++-12 gcc gcc-12 libasan8 libatomic1 libbinutils
#7 9.138   libbrotli1 libc-dev-bin libc6-dev libcc1-0 libcrypt-dev libctf-nobfd0
#7 9.139   libctf0 libcurl4 libdpkg-perl libffi-dev libgcc-12-dev libgdbm-compat4
#7 9.139   libgomp1 libgprofng0 libisl23 libitm1 libjansson4 libldap-2.5-0 liblsan0
#7 9.139   libmpc3 libmpfr6 libnghttp2-14 libnsl-dev libperl5.36 libpkgconf3 libpsl5
#7 9.139   libquadmath0 librtmp1 libsasl2-2 libsasl2-modules-db libssh2-1 libssl-dev
#7 9.139   libstdc++-12-dev libtirpc-dev libtsan2 libubsan1 linux-libc-dev make patch
#7 9.139   perl perl-modules-5.36 pkg-config pkgconf pkgconf-bin rpcsvc-proto xz-utils
#7 9.142 The following packages will be upgraded:
#7 9.142   perl-base
#7 9.342 1 upgraded, 62 newly installed, 0 to remove and 1 not upgraded.
#7 9.342 Need to get 79.6 MB of archives.
#7 9.342 After this operation, 331 MB of additional disk space will be used.
#7 9.342 Get:1 http://deb.debian.org/debian-security bookworm-security/main amd64 perl-base amd64 5.36.0-7+deb12u4 [1610 kB]
#7 9.600 Get:2 http://deb.debian.org/debian-security bookworm-security/main amd64 perl-modules-5.36 all 5.36.0-7+deb12u4 [2817 kB]
#7 10.21 Get:3 http://deb.debian.org/debian bookworm/main amd64 libgdbm-compat4 amd64 1.23-3 [48.2 kB]
#7 10.23 Get:4 http://deb.debian.org/debian-security bookworm-security/main amd64 libperl5.36 amd64 5.36.0-7+deb12u4 [4208 kB]
#7 11.34 Get:5 http://deb.debian.org/debian-security bookworm-security/main amd64 perl amd64 5.36.0-7+deb12u4 [239 kB]
#7 11.40 Get:6 http://deb.debian.org/debian bookworm/main amd64 bzip2 amd64 1.0.8-5+b1 [49.8 kB]
#7 11.41 Get:7 http://deb.debian.org/debian-security bookworm-security/main amd64 xz-utils amd64 5.4.1-1+deb12u2 [471 kB]
#7 11.55 Get:8 http://deb.debian.org/debian bookworm/main amd64 binutils-common amd64 2.40-2 [2487 kB]
#7 12.15 Get:9 http://deb.debian.org/debian bookworm/main amd64 libbinutils amd64 2.40-2 [572 kB]
#7 12.29 Get:10 http://deb.debian.org/debian bookworm/main amd64 libctf-nobfd0 amd64 2.40-2 [153 kB]
#7 12.33 Get:11 http://deb.debian.org/debian bookworm/main amd64 libctf0 amd64 2.40-2 [89.8 kB]
#7 12.35 Get:12 http://deb.debian.org/debian bookworm/main amd64 libgprofng0 amd64 2.40-2 [812 kB]
#7 12.55 Get:13 http://deb.debian.org/debian bookworm/main amd64 libjansson4 amd64 2.14-2 [40.8 kB]
#7 12.56 Get:14 http://deb.debian.org/debian bookworm/main amd64 binutils-x86-64-linux-gnu amd64 2.40-2 [2246 kB]
#7 13.07 Get:15 http://deb.debian.org/debian bookworm/main amd64 binutils amd64 2.40-2 [65.0 kB]
#7 13.08 Get:16 http://deb.debian.org/debian bookworm/main amd64 libc-dev-bin amd64 2.36-9+deb12u14 [48.1 kB]
#7 13.09 Get:17 http://deb.debian.org/debian-security bookworm-security/main amd64 linux-libc-dev amd64 6.1.187-1 [2357 kB]
#7 13.65 Get:18 http://deb.debian.org/debian bookworm/main amd64 libcrypt-dev amd64 1:4.4.33-2 [118 kB]
#7 13.68 Get:19 http://deb.debian.org/debian bookworm/main amd64 libtirpc-dev amd64 1.3.3+ds-1 [191 kB]
#7 13.73 Get:20 http://deb.debian.org/debian bookworm/main amd64 libnsl-dev amd64 1.3.0-2 [66.4 kB]
#7 13.74 Get:21 http://deb.debian.org/debian bookworm/main amd64 rpcsvc-proto amd64 1.4.3-1 [63.3 kB]
#7 13.75 Get:22 http://deb.debian.org/debian bookworm/main amd64 libc6-dev amd64 2.36-9+deb12u14 [1904 kB]
#7 14.14 Get:23 http://deb.debian.org/debian bookworm/main amd64 libisl23 amd64 0.25-1.1 [683 kB]
#7 14.41 Get:24 http://deb.debian.org/debian bookworm/main amd64 libmpfr6 amd64 4.2.0-1 [701 kB]
#7 14.70 Get:25 http://deb.debian.org/debian bookworm/main amd64 libmpc3 amd64 1.3.1-1 [51.5 kB]
#7 14.71 Get:26 http://deb.debian.org/debian bookworm/main amd64 cpp-12 amd64 12.2.0-14+deb12u1 [9768 kB]
#7 20.95 Get:27 http://deb.debian.org/debian bookworm/main amd64 cpp amd64 4:12.2.0-3 [6836 B]
#7 20.95 Get:28 http://deb.debian.org/debian bookworm/main amd64 libcc1-0 amd64 12.2.0-14+deb12u1 [41.7 kB]
#7 20.96 Get:29 http://deb.debian.org/debian bookworm/main amd64 libgomp1 amd64 12.2.0-14+deb12u1 [116 kB]
#7 21.04 Get:30 http://deb.debian.org/debian bookworm/main amd64 libitm1 amd64 12.2.0-14+deb12u1 [26.1 kB]
#7 21.06 Get:31 http://deb.debian.org/debian bookworm/main amd64 libatomic1 amd64 12.2.0-14+deb12u1 [9376 B]
#7 21.06 Get:32 http://deb.debian.org/debian bookworm/main amd64 libasan8 amd64 12.2.0-14+deb12u1 [2193 kB]
#7 22.00 Get:33 http://deb.debian.org/debian bookworm/main amd64 liblsan0 amd64 12.2.0-14+deb12u1 [969 kB]
#7 22.38 Get:34 http://deb.debian.org/debian bookworm/main amd64 libtsan2 amd64 12.2.0-14+deb12u1 [2197 kB]
#7 23.34 Get:35 http://deb.debian.org/debian bookworm/main amd64 libubsan1 amd64 12.2.0-14+deb12u1 [883 kB]
#7 23.94 Get:36 http://deb.debian.org/debian bookworm/main amd64 libquadmath0 amd64 12.2.0-14+deb12u1 [145 kB]
#7 24.02 Get:37 http://deb.debian.org/debian bookworm/main amd64 libgcc-12-dev amd64 12.2.0-14+deb12u1 [2437 kB]
#7 25.36 Get:38 http://deb.debian.org/debian bookworm/main amd64 gcc-12 amd64 12.2.0-14+deb12u1 [19.3 MB]
#7 30.34 Get:39 http://deb.debian.org/debian bookworm/main amd64 gcc amd64 4:12.2.0-3 [5216 B]
#7 30.34 Get:40 http://deb.debian.org/debian bookworm/main amd64 libstdc++-12-dev amd64 12.2.0-14+deb12u1 [2047 kB]
#7 30.74 Get:41 http://deb.debian.org/debian bookworm/main amd64 g++-12 amd64 12.2.0-14+deb12u1 [10.7 MB]
#7 33.40 Get:42 http://deb.debian.org/debian bookworm/main amd64 g++ amd64 4:12.2.0-3 [1356 B]
#7 33.40 Get:43 http://deb.debian.org/debian bookworm/main amd64 make amd64 4.3-4.1 [396 kB]
#7 33.55 Get:44 http://deb.debian.org/debian bookworm/main amd64 libdpkg-perl all 1.21.23 [604 kB]
#7 33.79 Get:45 http://deb.debian.org/debian bookworm/main amd64 patch amd64 2.7.6-7 [128 kB]
#7 33.84 Get:46 http://deb.debian.org/debian bookworm/main amd64 dpkg-dev all 1.21.23 [1354 kB]
#7 34.42 Get:47 http://deb.debian.org/debian bookworm/main amd64 build-essential amd64 12.9 [7704 B]
#7 34.42 Get:48 http://deb.debian.org/debian bookworm/main amd64 libbrotli1 amd64 1.0.9-2+b6 [275 kB]
#7 34.54 Get:49 http://deb.debian.org/debian bookworm/main amd64 libsasl2-modules-db amd64 2.1.28+dfsg-10 [20.3 kB]
#7 34.55 Get:50 http://deb.debian.org/debian bookworm/main amd64 libsasl2-2 amd64 2.1.28+dfsg-10 [59.7 kB]
#7 34.57 Get:51 http://deb.debian.org/debian bookworm/main amd64 libldap-2.5-0 amd64 2.5.13+dfsg-5 [183 kB]
#7 34.66 Get:52 http://deb.debian.org/debian bookworm/main amd64 libnghttp2-14 amd64 1.52.0-1+deb12u3 [72.4 kB]
#7 34.73 Get:53 http://deb.debian.org/debian bookworm/main amd64 libpsl5 amd64 0.21.2-1 [58.7 kB]
#7 34.78 Get:54 http://deb.debian.org/debian bookworm/main amd64 librtmp1 amd64 2.4+20151223.gitfa8646d.1-2+b2 [60.8 kB]
#7 34.82 Get:55 http://deb.debian.org/debian-security bookworm-security/main amd64 libssh2-1 amd64 1.10.0-3+deb12u1 [176 kB]
#7 34.93 Get:56 http://deb.debian.org/debian bookworm/main amd64 libcurl4 amd64 7.88.1-10+deb12u15 [392 kB]
#7 35.22 Get:57 http://deb.debian.org/debian bookworm/main amd64 curl amd64 7.88.1-10+deb12u15 [316 kB]
#7 35.40 Get:58 http://deb.debian.org/debian bookworm/main amd64 libffi-dev amd64 3.4.4-1 [59.4 kB]
#7 35.43 Get:59 http://deb.debian.org/debian bookworm/main amd64 libpkgconf3 amd64 1.8.1-1 [36.1 kB]
#7 35.44 Get:60 http://deb.debian.org/debian-security bookworm-security/main amd64 libssl-dev amd64 3.0.22-1~deb12u1 [2450 kB]
#7 36.70 Get:61 http://deb.debian.org/debian bookworm/main amd64 pkgconf-bin amd64 1.8.1-1 [29.5 kB]
#7 36.71 Get:62 http://deb.debian.org/debian bookworm/main amd64 pkgconf amd64 1.8.1-1 [25.9 kB]
#7 36.74 Get:63 http://deb.debian.org/debian bookworm/main amd64 pkg-config amd64 1.8.1-1 [13.7 kB]
#7 37.15 debconf: delaying package configuration, since apt-utils is not installed
#7 37.22 Fetched 79.6 MB in 28s (2886 kB/s)
#7 37.30 (Reading database ... 
(Reading database ... 5%
(Reading database ... 10%
(Reading database ... 15%
(Reading database ... 20%
(Reading database ... 25%
(Reading database ... 30%
(Reading database ... 35%
(Reading database ... 40%
(Reading database ... 45%
(Reading database ... 50%
(Reading database ... 55%
(Reading database ... 60%
(Reading database ... 65%
(Reading database ... 70%
(Reading database ... 75%
(Reading database ... 80%
(Reading database ... 85%
(Reading database ... 90%
(Reading database ... 95%
(Reading database ... 100%
(Reading database ... 6703 files and directories currently installed.)
#7 37.31 Preparing to unpack .../perl-base_5.36.0-7+deb12u4_amd64.deb ...
#7 37.43 Unpacking perl-base (5.36.0-7+deb12u4) over (5.36.0-7+deb12u3) ...
#7 38.20 Setting up perl-base (5.36.0-7+deb12u4) ...
#7 38.38 Selecting previously unselected package perl-modules-5.36.
#7 38.38 (Reading database ... 
(Reading database ... 5%
(Reading database ... 10%
(Reading database ... 15%
(Reading database ... 20%
(Reading database ... 25%
(Reading database ... 30%
(Reading database ... 35%
(Reading database ... 40%
(Reading database ... 45%
(Reading database ... 50%
(Reading database ... 55%
(Reading database ... 60%
(Reading database ... 65%
(Reading database ... 70%
(Reading database ... 75%
(Reading database ... 80%
(Reading database ... 85%
(Reading database ... 90%
(Reading database ... 95%
(Reading database ... 100%
(Reading database ... 6704 files and directories currently installed.)
#7 38.39 Preparing to unpack .../00-perl-modules-5.36_5.36.0-7+deb12u4_all.deb ...
#7 38.39 Unpacking perl-modules-5.36 (5.36.0-7+deb12u4) ...
#7 39.00 Selecting previously unselected package libgdbm-compat4:amd64.
#7 39.01 Preparing to unpack .../01-libgdbm-compat4_1.23-3_amd64.deb ...
#7 39.01 Unpacking libgdbm-compat4:amd64 (1.23-3) ...
#7 39.11 Selecting previously unselected package libperl5.36:amd64.
#7 39.11 Preparing to unpack .../02-libperl5.36_5.36.0-7+deb12u4_amd64.deb ...
#7 39.11 Unpacking libperl5.36:amd64 (5.36.0-7+deb12u4) ...
#7 39.91 Selecting previously unselected package perl.
#7 39.91 Preparing to unpack .../03-perl_5.36.0-7+deb12u4_amd64.deb ...
#7 39.97 Unpacking perl (5.36.0-7+deb12u4) ...
#7 40.09 Selecting previously unselected package bzip2.
#7 40.09 Preparing to unpack .../04-bzip2_1.0.8-5+b1_amd64.deb ...
#7 40.10 Unpacking bzip2 (1.0.8-5+b1) ...
#7 40.19 Selecting previously unselected package xz-utils.
#7 40.19 Preparing to unpack .../05-xz-utils_5.4.1-1+deb12u2_amd64.deb ...
#7 40.19 Unpacking xz-utils (5.4.1-1+deb12u2) ...
#7 40.35 Selecting previously unselected package binutils-common:amd64.
#7 40.35 Preparing to unpack .../06-binutils-common_2.40-2_amd64.deb ...
#7 40.35 Unpacking binutils-common:amd64 (2.40-2) ...
#7 40.81 Selecting previously unselected package libbinutils:amd64.
#7 40.81 Preparing to unpack .../07-libbinutils_2.40-2_amd64.deb ...
#7 40.81 Unpacking libbinutils:amd64 (2.40-2) ...
#7 40.99 Selecting previously unselected package libctf-nobfd0:amd64.
#7 40.99 Preparing to unpack .../08-libctf-nobfd0_2.40-2_amd64.deb ...
#7 40.99 Unpacking libctf-nobfd0:amd64 (2.40-2) ...
#7 41.10 Selecting previously unselected package libctf0:amd64.
#7 41.10 Preparing to unpack .../09-libctf0_2.40-2_amd64.deb ...
#7 41.10 Unpacking libctf0:amd64 (2.40-2) ...
#7 41.20 Selecting previously unselected package libgprofng0:amd64.
#7 41.20 Preparing to unpack .../10-libgprofng0_2.40-2_amd64.deb ...
#7 41.20 Unpacking libgprofng0:amd64 (2.40-2) ...
#7 41.41 Selecting previously unselected package libjansson4:amd64.
#7 41.41 Preparing to unpack .../11-libjansson4_2.14-2_amd64.deb ...
#7 41.41 Unpacking libjansson4:amd64 (2.14-2) ...
#7 41.50 Selecting previously unselected package binutils-x86-64-linux-gnu.
#7 41.50 Preparing to unpack .../12-binutils-x86-64-linux-gnu_2.40-2_amd64.deb ...
#7 41.50 Unpacking binutils-x86-64-linux-gnu (2.40-2) ...
#7 41.93 Selecting previously unselected package binutils.
#7 41.93 Preparing to unpack .../13-binutils_2.40-2_amd64.deb ...
#7 41.93 Unpacking binutils (2.40-2) ...
#7 42.03 Selecting previously unselected package libc-dev-bin.
#7 42.03 Preparing to unpack .../14-libc-dev-bin_2.36-9+deb12u14_amd64.deb ...
#7 42.03 Unpacking libc-dev-bin (2.36-9+deb12u14) ...
#7 42.13 Selecting previously unselected package linux-libc-dev:amd64.
#7 42.13 Preparing to unpack .../15-linux-libc-dev_6.1.187-1_amd64.deb ...
#7 42.13 Unpacking linux-libc-dev:amd64 (6.1.187-1) ...
#7 42.41 Selecting previously unselected package libcrypt-dev:amd64.
#7 42.41 Preparing to unpack .../16-libcrypt-dev_1%3a4.4.33-2_amd64.deb ...
#7 42.46 Unpacking libcrypt-dev:amd64 (1:4.4.33-2) ...
#7 42.57 Selecting previously unselected package libtirpc-dev:amd64.
#7 42.57 Preparing to unpack .../17-libtirpc-dev_1.3.3+ds-1_amd64.deb ...
#7 42.57 Unpacking libtirpc-dev:amd64 (1.3.3+ds-1) ...
#7 42.69 Selecting previously unselected package libnsl-dev:amd64.
#7 42.69 Preparing to unpack .../18-libnsl-dev_1.3.0-2_amd64.deb ...
#7 42.69 Unpacking libnsl-dev:amd64 (1.3.0-2) ...
#7 42.79 Selecting previously unselected package rpcsvc-proto.
#7 42.79 Preparing to unpack .../19-rpcsvc-proto_1.4.3-1_amd64.deb ...
#7 42.79 Unpacking rpcsvc-proto (1.4.3-1) ...
#7 42.89 Selecting previously unselected package libc6-dev:amd64.
#7 42.89 Preparing to unpack .../20-libc6-dev_2.36-9+deb12u14_amd64.deb ...
#7 42.89 Unpacking libc6-dev:amd64 (2.36-9+deb12u14) ...
#7 43.26 Selecting previously unselected package libisl23:amd64.
#7 43.27 Preparing to unpack .../21-libisl23_0.25-1.1_amd64.deb ...
#7 43.27 Unpacking libisl23:amd64 (0.25-1.1) ...
#7 43.44 Selecting previously unselected package libmpfr6:amd64.
#7 43.45 Preparing to unpack .../22-libmpfr6_4.2.0-1_amd64.deb ...
#7 43.45 Unpacking libmpfr6:amd64 (4.2.0-1) ...
#7 43.60 Selecting previously unselected package libmpc3:amd64.
#7 43.60 Preparing to unpack .../23-libmpc3_1.3.1-1_amd64.deb ...
#7 43.60 Unpacking libmpc3:amd64 (1.3.1-1) ...
#7 43.69 Selecting previously unselected package cpp-12.
#7 43.69 Preparing to unpack .../24-cpp-12_12.2.0-14+deb12u1_amd64.deb ...
#7 43.70 Unpacking cpp-12 (12.2.0-14+deb12u1) ...
#7 45.05 Selecting previously unselected package cpp.
#7 45.05 Preparing to unpack .../25-cpp_4%3a12.2.0-3_amd64.deb ...
#7 45.06 Unpacking cpp (4:12.2.0-3) ...
#7 45.15 Selecting previously unselected package libcc1-0:amd64.
#7 45.15 Preparing to unpack .../26-libcc1-0_12.2.0-14+deb12u1_amd64.deb ...
#7 45.15 Unpacking libcc1-0:amd64 (12.2.0-14+deb12u1) ...
#7 45.25 Selecting previously unselected package libgomp1:amd64.
#7 45.25 Preparing to unpack .../27-libgomp1_12.2.0-14+deb12u1_amd64.deb ...
#7 45.25 Unpacking libgomp1:amd64 (12.2.0-14+deb12u1) ...
#7 45.36 Selecting previously unselected package libitm1:amd64.
#7 45.36 Preparing to unpack .../28-libitm1_12.2.0-14+deb12u1_amd64.deb ...
#7 45.36 Unpacking libitm1:amd64 (12.2.0-14+deb12u1) ...
#7 45.45 Selecting previously unselected package libatomic1:amd64.
#7 45.45 Preparing to unpack .../29-libatomic1_12.2.0-14+deb12u1_amd64.deb ...
#7 45.45 Unpacking libatomic1:amd64 (12.2.0-14+deb12u1) ...
#7 45.54 Selecting previously unselected package libasan8:amd64.
#7 45.54 Preparing to unpack .../30-libasan8_12.2.0-14+deb12u1_amd64.deb ...
#7 45.55 Unpacking libasan8:amd64 (12.2.0-14+deb12u1) ...
#7 45.97 Selecting previously unselected package liblsan0:amd64.
#7 45.97 Preparing to unpack .../31-liblsan0_12.2.0-14+deb12u1_amd64.deb ...
#7 45.97 Unpacking liblsan0:amd64 (12.2.0-14+deb12u1) ...
#7 46.20 Selecting previously unselected package libtsan2:amd64.
#7 46.21 Preparing to unpack .../32-libtsan2_12.2.0-14+deb12u1_amd64.deb ...
#7 46.21 Unpacking libtsan2:amd64 (12.2.0-14+deb12u1) ...
#7 46.64 Selecting previously unselected package libubsan1:amd64.
#7 46.64 Preparing to unpack .../33-libubsan1_12.2.0-14+deb12u1_amd64.deb ...
#7 46.64 Unpacking libubsan1:amd64 (12.2.0-14+deb12u1) ...
#7 46.88 Selecting previously unselected package libquadmath0:amd64.
#7 46.88 Preparing to unpack .../34-libquadmath0_12.2.0-14+deb12u1_amd64.deb ...
#7 46.88 Unpacking libquadmath0:amd64 (12.2.0-14+deb12u1) ...
#7 46.98 Selecting previously unselected package libgcc-12-dev:amd64.
#7 46.98 Preparing to unpack .../35-libgcc-12-dev_12.2.0-14+deb12u1_amd64.deb ...
#7 46.99 Unpacking libgcc-12-dev:amd64 (12.2.0-14+deb12u1) ...
#7 47.40 Selecting previously unselected package gcc-12.
#7 47.40 Preparing to unpack .../36-gcc-12_12.2.0-14+deb12u1_amd64.deb ...
#7 47.40 Unpacking gcc-12 (12.2.0-14+deb12u1) ...
#7 48.76 Selecting previously unselected package gcc.
#7 48.76 Preparing to unpack .../37-gcc_4%3a12.2.0-3_amd64.deb ...
#7 48.76 Unpacking gcc (4:12.2.0-3) ...
#7 48.86 Selecting previously unselected package libstdc++-12-dev:amd64.
#7 48.86 Preparing to unpack .../38-libstdc++-12-dev_12.2.0-14+deb12u1_amd64.deb ...
#7 48.86 Unpacking libstdc++-12-dev:amd64 (12.2.0-14+deb12u1) ...
#7 49.29 Selecting previously unselected package g++-12.
#7 49.30 Preparing to unpack .../39-g++-12_12.2.0-14+deb12u1_amd64.deb ...
#7 49.30 Unpacking g++-12 (12.2.0-14+deb12u1) ...
#7 50.54 Selecting previously unselected package g++.
#7 50.55 Preparing to unpack .../40-g++_4%3a12.2.0-3_amd64.deb ...
#7 50.55 Unpacking g++ (4:12.2.0-3) ...
#7 50.64 Selecting previously unselected package make.
#7 50.64 Preparing to unpack .../41-make_4.3-4.1_amd64.deb ...
#7 50.64 Unpacking make (4.3-4.1) ...
#7 50.78 Selecting previously unselected package libdpkg-perl.
#7 50.79 Preparing to unpack .../42-libdpkg-perl_1.21.23_all.deb ...
#7 50.79 Unpacking libdpkg-perl (1.21.23) ...
#7 50.94 Selecting previously unselected package patch.
#7 50.94 Preparing to unpack .../43-patch_2.7.6-7_amd64.deb ...
#7 50.94 Unpacking patch (2.7.6-7) ...
#7 51.05 Selecting previously unselected package dpkg-dev.
#7 51.05 Preparing to unpack .../44-dpkg-dev_1.21.23_all.deb ...
#7 51.05 Unpacking dpkg-dev (1.21.23) ...
#7 51.27 Selecting previously unselected package build-essential.
#7 51.27 Preparing to unpack .../45-build-essential_12.9_amd64.deb ...
#7 51.27 Unpacking build-essential (12.9) ...
#7 51.37 Selecting previously unselected package libbrotli1:amd64.
#7 51.37 Preparing to unpack .../46-libbrotli1_1.0.9-2+b6_amd64.deb ...
#7 51.37 Unpacking libbrotli1:amd64 (1.0.9-2+b6) ...
#7 51.50 Selecting previously unselected package libsasl2-modules-db:amd64.
#7 51.50 Preparing to unpack .../47-libsasl2-modules-db_2.1.28+dfsg-10_amd64.deb ...
#7 51.50 Unpacking libsasl2-modules-db:amd64 (2.1.28+dfsg-10) ...
#7 51.60 Selecting previously unselected package libsasl2-2:amd64.
#7 51.60 Preparing to unpack .../48-libsasl2-2_2.1.28+dfsg-10_amd64.deb ...
#7 51.60 Unpacking libsasl2-2:amd64 (2.1.28+dfsg-10) ...
#7 51.70 Selecting previously unselected package libldap-2.5-0:amd64.
#7 51.70 Preparing to unpack .../49-libldap-2.5-0_2.5.13+dfsg-5_amd64.deb ...
#7 51.70 Unpacking libldap-2.5-0:amd64 (2.5.13+dfsg-5) ...
#7 51.82 Selecting previously unselected package libnghttp2-14:amd64.
#7 51.82 Preparing to unpack .../50-libnghttp2-14_1.52.0-1+deb12u3_amd64.deb ...
#7 51.82 Unpacking libnghttp2-14:amd64 (1.52.0-1+deb12u3) ...
#7 51.92 Selecting previously unselected package libpsl5:amd64.
#7 51.92 Preparing to unpack .../51-libpsl5_0.21.2-1_amd64.deb ...
#7 51.92 Unpacking libpsl5:amd64 (0.21.2-1) ...
#7 52.04 Selecting previously unselected package librtmp1:amd64.
#7 52.04 Preparing to unpack .../52-librtmp1_2.4+20151223.gitfa8646d.1-2+b2_amd64.deb ...
#7 52.04 Unpacking librtmp1:amd64 (2.4+20151223.gitfa8646d.1-2+b2) ...
#7 52.14 Selecting previously unselected package libssh2-1:amd64.
#7 52.14 Preparing to unpack .../53-libssh2-1_1.10.0-3+deb12u1_amd64.deb ...
#7 52.14 Unpacking libssh2-1:amd64 (1.10.0-3+deb12u1) ...
#7 52.25 Selecting previously unselected package libcurl4:amd64.
#7 52.26 Preparing to unpack .../54-libcurl4_7.88.1-10+deb12u15_amd64.deb ...
#7 52.26 Unpacking libcurl4:amd64 (7.88.1-10+deb12u15) ...
#7 52.39 Selecting previously unselected package curl.
#7 52.39 Preparing to unpack .../55-curl_7.88.1-10+deb12u15_amd64.deb ...
#7 52.39 Unpacking curl (7.88.1-10+deb12u15) ...
#7 52.51 Selecting previously unselected package libffi-dev:amd64.
#7 52.51 Preparing to unpack .../56-libffi-dev_3.4.4-1_amd64.deb ...
#7 52.51 Unpacking libffi-dev:amd64 (3.4.4-1) ...
#7 52.61 Selecting previously unselected package libpkgconf3:amd64.
#7 52.61 Preparing to unpack .../57-libpkgconf3_1.8.1-1_amd64.deb ...
#7 52.61 Unpacking libpkgconf3:amd64 (1.8.1-1) ...
#7 52.71 Selecting previously unselected package libssl-dev:amd64.
#7 52.71 Preparing to unpack .../58-libssl-dev_3.0.22-1~deb12u1_amd64.deb ...
#7 52.71 Unpacking libssl-dev:amd64 (3.0.22-1~deb12u1) ...
#7 53.13 Selecting previously unselected package pkgconf-bin.
#7 53.13 Preparing to unpack .../59-pkgconf-bin_1.8.1-1_amd64.deb ...
#7 53.13 Unpacking pkgconf-bin (1.8.1-1) ...
#7 53.23 Selecting previously unselected package pkgconf:amd64.
#7 53.24 Preparing to unpack .../60-pkgconf_1.8.1-1_amd64.deb ...
#7 53.25 Unpacking pkgconf:amd64 (1.8.1-1) ...
#7 53.35 Selecting previously unselected package pkg-config:amd64.
#7 53.35 Preparing to unpack .../61-pkg-config_1.8.1-1_amd64.deb ...
#7 53.37 Unpacking pkg-config:amd64 (1.8.1-1) ...
#7 53.46 Setting up libpsl5:amd64 (0.21.2-1) ...
#7 53.47 Setting up libbrotli1:amd64 (1.0.9-2+b6) ...
#7 53.47 Setting up binutils-common:amd64 (2.40-2) ...
#7 53.47 Setting up libnghttp2-14:amd64 (1.52.0-1+deb12u3) ...
#7 53.48 Setting up linux-libc-dev:amd64 (6.1.187-1) ...
#7 53.48 Setting up libctf-nobfd0:amd64 (2.40-2) ...
#7 53.48 Setting up libgomp1:amd64 (12.2.0-14+deb12u1) ...
#7 53.49 Setting up bzip2 (1.0.8-5+b1) ...
#7 53.49 Setting up libffi-dev:amd64 (3.4.4-1) ...
#7 53.49 Setting up libjansson4:amd64 (2.14-2) ...
#7 53.49 Setting up libsasl2-modules-db:amd64 (2.1.28+dfsg-10) ...
#7 53.50 Setting up perl-modules-5.36 (5.36.0-7+deb12u4) ...
#7 53.50 Setting up libtirpc-dev:amd64 (1.3.3+ds-1) ...
#7 53.50 Setting up libpkgconf3:amd64 (1.8.1-1) ...
#7 53.50 Setting up rpcsvc-proto (1.4.3-1) ...
#7 53.51 Setting up make (4.3-4.1) ...
#7 53.51 Setting up libmpfr6:amd64 (4.2.0-1) ...
#7 53.51 Setting up librtmp1:amd64 (2.4+20151223.gitfa8646d.1-2+b2) ...
#7 53.51 Setting up xz-utils (5.4.1-1+deb12u2) ...
#7 53.55 update-alternatives: using /usr/bin/xz to provide /usr/bin/lzma (lzma) in auto mode
#7 53.55 update-alternatives: warning: skip creation of /usr/share/man/man1/lzma.1.gz because associated file /usr/share/man/man1/xz.1.gz (of link group lzma) doesn't exist
#7 53.55 update-alternatives: warning: skip creation of /usr/share/man/man1/unlzma.1.gz because associated file /usr/share/man/man1/unxz.1.gz (of link group lzma) doesn't exist
#7 53.55 update-alternatives: warning: skip creation of /usr/share/man/man1/lzcat.1.gz because associated file /usr/share/man/man1/xzcat.1.gz (of link group lzma) doesn't exist
#7 53.55 update-alternatives: warning: skip creation of /usr/share/man/man1/lzmore.1.gz because associated file /usr/share/man/man1/xzmore.1.gz (of link group lzma) doesn't exist
#7 53.55 update-alternatives: warning: skip creation of /usr/share/man/man1/lzless.1.gz because associated file /usr/share/man/man1/xzless.1.gz (of link group lzma) doesn't exist
#7 53.55 update-alternatives: warning: skip creation of /usr/share/man/man1/lzdiff.1.gz because associated file /usr/share/man/man1/xzdiff.1.gz (of link group lzma) doesn't exist
#7 53.55 update-alternatives: warning: skip creation of /usr/share/man/man1/lzcmp.1.gz because associated file /usr/share/man/man1/xzcmp.1.gz (of link group lzma) doesn't exist
#7 53.55 update-alternatives: warning: skip creation of /usr/share/man/man1/lzgrep.1.gz because associated file /usr/share/man/man1/xzgrep.1.gz (of link group lzma) doesn't exist
#7 53.55 update-alternatives: warning: skip creation of /usr/share/man/man1/lzegrep.1.gz because associated file /usr/share/man/man1/xzegrep.1.gz (of link group lzma) doesn't exist
#7 53.55 update-alternatives: warning: skip creation of /usr/share/man/man1/lzfgrep.1.gz because associated file /usr/share/man/man1/xzfgrep.1.gz (of link group lzma) doesn't exist
#7 53.55 Setting up libquadmath0:amd64 (12.2.0-14+deb12u1) ...
#7 53.55 Setting up libssl-dev:amd64 (3.0.22-1~deb12u1) ...
#7 53.56 Setting up libmpc3:amd64 (1.3.1-1) ...
#7 53.56 Setting up libatomic1:amd64 (12.2.0-14+deb12u1) ...
#7 53.56 Setting up patch (2.7.6-7) ...
#7 53.57 Setting up libgdbm-compat4:amd64 (1.23-3) ...
#7 53.57 Setting up pkgconf-bin (1.8.1-1) ...
#7 53.57 Setting up libsasl2-2:amd64 (2.1.28+dfsg-10) ...
#7 53.57 Setting up libubsan1:amd64 (12.2.0-14+deb12u1) ...
#7 53.58 Setting up libnsl-dev:amd64 (1.3.0-2) ...
#7 53.58 Setting up libcrypt-dev:amd64 (1:4.4.33-2) ...
#7 53.64 Setting up libasan8:amd64 (12.2.0-14+deb12u1) ...
#7 53.64 Setting up libssh2-1:amd64 (1.10.0-3+deb12u1) ...
#7 53.64 Setting up libtsan2:amd64 (12.2.0-14+deb12u1) ...
#7 53.64 Setting up libbinutils:amd64 (2.40-2) ...
#7 53.65 Setting up libisl23:amd64 (0.25-1.1) ...
#7 53.65 Setting up libc-dev-bin (2.36-9+deb12u14) ...
#7 53.65 Setting up libcc1-0:amd64 (12.2.0-14+deb12u1) ...
#7 53.65 Setting up libperl5.36:amd64 (5.36.0-7+deb12u4) ...
#7 53.66 Setting up liblsan0:amd64 (12.2.0-14+deb12u1) ...
#7 53.66 Setting up libitm1:amd64 (12.2.0-14+deb12u1) ...
#7 53.66 Setting up libctf0:amd64 (2.40-2) ...
#7 53.66 Setting up cpp-12 (12.2.0-14+deb12u1) ...
#7 53.67 Setting up libldap-2.5-0:amd64 (2.5.13+dfsg-5) ...
#7 53.67 Setting up pkgconf:amd64 (1.8.1-1) ...
#7 53.67 Setting up perl (5.36.0-7+deb12u4) ...
#7 53.75 Setting up libgprofng0:amd64 (2.40-2) ...
#7 53.76 Setting up libgcc-12-dev:amd64 (12.2.0-14+deb12u1) ...
#7 53.76 Setting up pkg-config:amd64 (1.8.1-1) ...
#7 53.76 Setting up libdpkg-perl (1.21.23) ...
#7 53.77 Setting up cpp (4:12.2.0-3) ...
#7 53.80 Setting up libcurl4:amd64 (7.88.1-10+deb12u15) ...
#7 53.80 Setting up libc6-dev:amd64 (2.36-9+deb12u14) ...
#7 53.80 Setting up curl (7.88.1-10+deb12u15) ...
#7 53.80 Setting up binutils-x86-64-linux-gnu (2.40-2) ...
#7 53.81 Setting up libstdc++-12-dev:amd64 (12.2.0-14+deb12u1) ...
#7 53.81 Setting up binutils (2.40-2) ...
#7 53.81 Setting up dpkg-dev (1.21.23) ...
#7 53.82 Setting up gcc-12 (12.2.0-14+deb12u1) ...
#7 53.82 Setting up g++-12 (12.2.0-14+deb12u1) ...
#7 53.82 Setting up gcc (4:12.2.0-3) ...
#7 53.88 Setting up g++ (4:12.2.0-3) ...
#7 53.91 update-alternatives: using /usr/bin/g++ to provide /usr/bin/c++ (c++) in auto mode
#7 53.92 Setting up build-essential (12.9) ...
#7 53.92 Processing triggers for libc-bin (2.36-9+deb12u14) ...
#7 DONE 54.2s

#8 [toolchain 3/3] RUN curl --proto '=https' --tlsv1.2 -sSf https://sh.rustup.rs     | sh -s -- -y --profile minimal --default-toolchain 1.83.0  && rustc --version
#8 0.506 head: error reading '/proc/self/exe': Bad file descriptor
#8 0.507 head: failed to close '/proc/self/exe': Bad file descriptor
#8 0.509 [1merror:[0m unknown platform bitness
#8 0.510 sh: 546: [: Illegal number: 
#8 0.524 info: downloading installer
#8 7.535 info: profile set to minimal
#8 7.535 info: default host tuple is x86_64-unknown-linux-gnu
#8 7.542 info: syncing channel updates for 1.83.0-x86_64-unknown-linux-gnu
#8 8.294 info: latest update on 2024-11-28 for version 1.83.0 (90b35a623 2024-11-26)
#8 8.298 info: downloading 3 components
#8 32.53 
#8 32.53 info: default toolchain set to 1.83.0-x86_64-unknown-linux-gnu
#8 32.62   1.83.0-x86_64-unknown-linux-gnu installed - rustc 1.83.0 (90b35a623 2024-11-26)
#8 32.62 
#8 32.62 
#8 32.62 Rust is installed now. Great!
#8 32.62 
#8 32.62 To get started you may need to restart your current shell.
#8 32.62 This would reload your PATH environment variable to include
#8 32.62 Cargo's bin directory (/opt/cargo/bin).
#8 32.62 
#8 32.62 To configure your current shell, you need to source the
#8 32.62 corresponding env file under /opt/cargo.
#8 32.62 
#8 32.62 Consider running the right command for your shell (note the leading DOT):
#8 32.62 . "/opt/cargo/env" # For sh/ash/dash/pdksh/bash
#8 32.62 cargo:rerun-if-env-changed=CC_x86_64-unknown-linux-gnu
#8 32.62 CC_x86_64-unknown-linux-gnu = None
#8 32.62 cargo:rerun-if-env-changed=CC_x86_64_unknown_linux_gnu
#8 32.62 CC_x86_64_unknown_linux_gnu = None
#8 32.62 cargo:rerun-if-env-changed=HOST_CC
#8 32.62 HOST_CC = None
#8 32.62 cargo:rerun-if-env-changed=CC
#8 32.62 CC = None
#8 32.63 cargo:rerun-if-env-changed=CC_ENABLE_DEBUG_OUTPUT
#8 32.74 cargo:rerun-if-env-changed=CRATE_CC_NO_DEFAULTS
#8 32.74 CRATE_CC_NO_DEFAULTS = None
#8 32.74 cargo:rerun-if-env-changed=CFLAGS
#8 32.74 CFLAGS = None
#8 32.74 cargo:rerun-if-env-changed=HOST_CFLAGS
#8 32.74 HOST_CFLAGS = None
#8 32.74 cargo:rerun-if-env-changed=CFLAGS_x86_64_unknown_linux_gnu
#8 32.74 CFLAGS_x86_64_unknown_linux_gnu = None
#8 32.74 cargo:rerun-if-env-changed=CFLAGS_x86_64-unknown-linux-gnu
#8 32.74 CFLAGS_x86_64-unknown-linux-gnu = None
#8 32.85 <jemalloc>: MADV_DONTNEED does not work (memset will be used instead)
#8 32.85 <jemalloc>: (This is the expected behaviour if you are running under QEMU)
#8 32.91 rustc 1.83.0 (90b35a623 2024-11-26)
#8 DONE 33.0s

#9 [wheels 1/3] WORKDIR /wheels
#9 DONE 0.0s

#10 [wheels 2/3] RUN pip wheel --no-cache-dir --no-deps --no-binary pydantic-core --wheel-dir /wheels       pydantic-core==2.27.2
#10 7.571 Collecting pydantic-core==2.27.2
#10 7.864   Downloading pydantic_core-2.27.2.tar.gz (413 kB)
#10 8.218   Installing build dependencies: started
#10 13.16   Installing build dependencies: finished with status 'done'
#10 13.16   Getting requirements to build wheel: started
#10 13.42   Getting requirements to build wheel: finished with status 'done'
#10 13.44   Preparing metadata (pyproject.toml): started
#10 21.58   Preparing metadata (pyproject.toml): finished with status 'done'
#10 21.60 Building wheels for collected packages: pydantic-core
#10 21.60   Building wheel for pydantic-core (pyproject.toml): started
#10 82.07   Building wheel for pydantic-core (pyproject.toml): still running...
#10 299.0   Building wheel for pydantic-core (pyproject.toml): still running...
#10 299.5   Building wheel for pydantic-core (pyproject.toml): finished with status 'done'
#10 299.5   Created wheel for pydantic-core: filename=pydantic_core-2.27.2-cp312-cp312-linux_x86_64.whl size=2099305 sha256=70d0dbeb589d5e1e9dbb98468286ade118bb26c9da7ee5b7b5f27f495b78dda7
#10 299.5   Stored in directory: /tmp/pip-ephem-wheel-cache-bhttgs0e/wheels/e9/8b/ac/63ee9d7c8235fa327587e6ebc7d2fdda1dce07842ee2358f98
#10 299.6 Successfully built pydantic-core
#10 300.6 
#10 300.6 [notice] A new release of pip is available: 25.0.1 -> 26.2.1
#10 300.6 [notice] To update, run: pip install --upgrade pip
#10 DONE 300.8s

#11 [wheels 3/3] RUN pip wheel --no-cache-dir --no-deps --no-binary cryptography --wheel-dir /wheels       cryptography==44.0.0
#11 3.071 Collecting cryptography==44.0.0
#11 3.392   Downloading cryptography-44.0.0.tar.gz (710 kB)
#11 3.892      ━━━━━━━━━━━━━━━━━━━━━━━━━━━━━━━━━━━━━━━ 710.7/710.7 kB 1.8 MB/s eta 0:00:00
#11 4.213   Installing build dependencies: started
#11 13.28   Installing build dependencies: finished with status 'done'
#11 13.29   Getting requirements to build wheel: started
#11 13.57   Getting requirements to build wheel: finished with status 'done'
#11 13.57   Preparing metadata (pyproject.toml): started
#11 17.15   Preparing metadata (pyproject.toml): finished with status 'done'
#11 17.18 Building wheels for collected packages: cryptography
#11 17.18   Building wheel for cryptography (pyproject.toml): started
#11 74.71   Building wheel for cryptography (pyproject.toml): finished with status 'error'
#11 74.79   error: subprocess-exited-with-error
#11 74.79   
#11 74.79   × Building wheel for cryptography (pyproject.toml) did not run successfully.
#11 74.79   │ exit code: 1
#11 74.79   ╰─> [146 lines of output]
#11 74.79       Running `maturin pep517 build-wheel -i /usr/local/bin/python3.12 --compatibility off`
#11 74.79       📦 Including license file `LICENSE`
#11 74.79       📦 Including license file `LICENSE.APACHE`
#11 74.79       📦 Including license file `LICENSE.BSD`
#11 74.79       🍹 Building a mixed python/rust project
#11 74.79       🐍 Found CPython 3.12 at /usr/local/bin/python3.12
#11 74.79       🔗 Found pyo3 bindings with abi3-py3.7 support
#11 74.79       📡 Using build options features, locked from pyproject.toml
#11 74.79          Compiling proc-macro2 v1.0.92
#11 74.79          Compiling target-lexicon v0.12.16
#11 74.79          Compiling unicode-ident v1.0.14
#11 74.79          Compiling shlex v1.3.0
#11 74.79       <jemalloc>: MADV_DONTNEED does not work (memset will be used instead)
#11 74.79       <jemalloc>: (This is the expected behaviour if you are running under QEMU)
#11 74.79       <jemalloc>: MADV_DONTNEED does not work (memset will be used instead)
#11 74.79       <jemalloc>: MADV_DONTNEED does not work (memset will be used instead)
#11 74.79       <jemalloc>: (This is the expected behaviour if you are running under QEMU)
#11 74.79       <jemalloc>: (This is the expected behaviour if you are running under QEMU)
#11 74.79       <jemalloc>: MADV_DONTNEED does not work (memset will be used instead)
#11 74.79       <jemalloc>: (This is the expected behaviour if you are running under QEMU)
#11 74.79          Compiling once_cell v1.20.2
#11 74.79       <jemalloc>: MADV_DONTNEED does not work (memset will be used instead)
#11 74.79       <jemalloc>: (This is the expected behaviour if you are running under QEMU)
#11 74.79          Compiling cc v1.2.1
#11 74.79       <jemalloc>: MADV_DONTNEED does not work (memset will be used instead)
#11 74.79       <jemalloc>: (This is the expected behaviour if you are running under QEMU)
#11 74.79       <jemalloc>: MADV_DONTNEED does not work (memset will be used instead)
#11 74.79       <jemalloc>: (This is the expected behaviour if you are running under QEMU)
#11 74.79       <jemalloc>: MADV_DONTNEED does not work (memset will be used instead)
#11 74.79       <jemalloc>: (This is the expected behaviour if you are running under QEMU)
#11 74.79          Compiling vcpkg v0.2.15
#11 74.79       <jemalloc>: MADV_DONTNEED does not work (memset will be used instead)
#11 74.79       <jemalloc>: (This is the expected behaviour if you are running under QEMU)
#11 74.79          Compiling pyo3-build-config v0.23.2
#11 74.79       <jemalloc>: MADV_DONTNEED does not work (memset will be used instead)
#11 74.79       <jemalloc>: (This is the expected behaviour if you are running under QEMU)
#11 74.79          Compiling quote v1.0.37
#11 74.79       <jemalloc>: MADV_DONTNEED does not work (memset will be used instead)
#11 74.79       <jemalloc>: (This is the expected behaviour if you are running under QEMU)
#11 74.79          Compiling pkg-config v0.3.31
#11 74.79       <jemalloc>: MADV_DONTNEED does not work (memset will be used instead)
#11 74.79       <jemalloc>: (This is the expected behaviour if you are running under QEMU)
#11 74.79          Compiling syn v2.0.89
#11 74.79       <jemalloc>: MADV_DONTNEED does not work (memset will be used instead)
#11 74.79       <jemalloc>: (This is the expected behaviour if you are running under QEMU)
#11 74.79          Compiling libc v0.2.166
#11 74.79       <jemalloc>: MADV_DONTNEED does not work (memset will be used instead)
#11 74.79       <jemalloc>: (This is the expected behaviour if you are running under QEMU)
#11 74.79       <jemalloc>: MADV_DONTNEED does not work (memset will be used instead)
#11 74.79       <jemalloc>: (This is the expected behaviour if you are running under QEMU)
#11 74.79          Compiling openssl-sys v0.9.104
#11 74.79       <jemalloc>: MADV_DONTNEED does not work (memset will be used instead)
#11 74.79       <jemalloc>: (This is the expected behaviour if you are running under QEMU)
#11 74.79       <jemalloc>: MADV_DONTNEED does not work (memset will be used instead)
#11 74.79       <jemalloc>: (This is the expected behaviour if you are running under QEMU)
#11 74.79          Compiling cfg-if v1.0.0
#11 74.79       <jemalloc>: MADV_DONTNEED does not work (memset will be used instead)
#11 74.79       <jemalloc>: (This is the expected behaviour if you are running under QEMU)
#11 74.79       <jemalloc>: MADV_DONTNEED does not work (memset will be used instead)
#11 74.79       <jemalloc>: (This is the expected behaviour if you are running under QEMU)
#11 74.79          Compiling autocfg v1.4.0
#11 74.79       <jemalloc>: MADV_DONTNEED does not work (memset will be used instead)
#11 74.79       <jemalloc>: (This is the expected behaviour if you are running under QEMU)
#11 74.79          Compiling pyo3-macros-backend v0.23.2
#11 74.79       <jemalloc>: MADV_DONTNEED does not work (memset will be used instead)
#11 74.79       <jemalloc>: (This is the expected behaviour if you are running under QEMU)
#11 74.79          Compiling pyo3-ffi v0.23.2
#11 74.79       <jemalloc>: MADV_DONTNEED does not work (memset will be used instead)
#11 74.79       <jemalloc>: (This is the expected behaviour if you are running under QEMU)
#11 74.79          Compiling memoffset v0.9.1
#11 74.79       <jemalloc>: MADV_DONTNEED does not work (memset will be used instead)
#11 74.79       <jemalloc>: (This is the expected behaviour if you are running under QEMU)
#11 74.79       <jemalloc>: MADV_DONTNEED does not work (memset will be used instead)
#11 74.79       <jemalloc>: (This is the expected behaviour if you are running under QEMU)
#11 74.79          Compiling heck v0.5.0
#11 74.79       <jemalloc>: MADV_DONTNEED does not work (memset will be used instead)
#11 74.79       <jemalloc>: (This is the expected behaviour if you are running under QEMU)
#11 74.79          Compiling openssl v0.10.68
#11 74.79       <jemalloc>: MADV_DONTNEED does not work (memset will be used instead)
#11 74.79       <jemalloc>: (This is the expected behaviour if you are running under QEMU)
#11 74.79          Compiling foreign-types-shared v0.1.1
#11 74.79       <jemalloc>: MADV_DONTNEED does not work (memset will be used instead)
#11 74.79       <jemalloc>: (This is the expected behaviour if you are running under QEMU)
#11 74.79       <jemalloc>: MADV_DONTNEED does not work (memset will be used instead)
#11 74.79       <jemalloc>: (This is the expected behaviour if you are running under QEMU)
#11 74.79          Compiling foreign-types v0.3.2
#11 74.79       <jemalloc>: MADV_DONTNEED does not work (memset will be used instead)
#11 74.79       <jemalloc>: (This is the expected behaviour if you are running under QEMU)
#11 74.79          Compiling pyo3 v0.23.2
#11 74.79       <jemalloc>: MADV_DONTNEED does not work (memset will be used instead)
#11 74.79       <jemalloc>: (This is the expected behaviour if you are running under QEMU)
#11 74.79          Compiling itoa v1.0.14
#11 74.79       <jemalloc>: MADV_DONTNEED does not work (memset will be used instead)
#11 74.79       <jemalloc>: (This is the expected behaviour if you are running under QEMU)
#11 74.79          Compiling bitflags v2.6.0
#11 74.79       <jemalloc>: MADV_DONTNEED does not work (memset will be used instead)
#11 74.79       <jemalloc>: (This is the expected behaviour if you are running under QEMU)
#11 74.79       <jemalloc>: MADV_DONTNEED does not work (memset will be used instead)
#11 74.79       <jemalloc>: (This is the expected behaviour if you are running under QEMU)
#11 74.79       <jemalloc>: MADV_DONTNEED does not work (memset will be used instead)
#11 74.79       <jemalloc>: (This is the expected behaviour if you are running under QEMU)
#11 74.79          Compiling openssl-macros v0.1.1
#11 74.79       <jemalloc>: MADV_DONTNEED does not work (memset will be used instead)
#11 74.79       <jemalloc>: (This is the expected behaviour if you are running under QEMU)
#11 74.79          Compiling asn1_derive v0.20.0
#11 74.79       <jemalloc>: MADV_DONTNEED does not work (memset will be used instead)
#11 74.79       <jemalloc>: (This is the expected behaviour if you are running under QEMU)
#11 74.79          Compiling indoc v2.0.5
#11 74.79       <jemalloc>: MADV_DONTNEED does not work (memset will be used instead)
#11 74.79       <jemalloc>: (This is the expected behaviour if you are running under QEMU)
#11 74.79       <jemalloc>: MADV_DONTNEED does not work (memset will be used instead)
#11 74.79       <jemalloc>: (This is the expected behaviour if you are running under QEMU)
#11 74.79          Compiling unindent v0.2.3
#11 74.79       <jemalloc>: MADV_DONTNEED does not work (memset will be used instead)
#11 74.79       <jemalloc>: (This is the expected behaviour if you are running under QEMU)
#11 74.79          Compiling asn1 v0.20.0
#11 74.79       <jemalloc>: MADV_DONTNEED does not work (memset will be used instead)
#11 74.79       <jemalloc>: (This is the expected behaviour if you are running under QEMU)
#11 74.79          Compiling cryptography-key-parsing v0.1.0 (/tmp/pip-wheel-w4vp9be6/cryptography_344b01faf0ff4c40ae997fd4c7293501/src/rust/cryptography-key-parsing)
#11 74.79       <jemalloc>: MADV_DONTNEED does not work (memset will be used instead)
#11 74.79       <jemalloc>: (This is the expected behaviour if you are running under QEMU)
#11 74.79          Compiling cryptography-x509 v0.1.0 (/tmp/pip-wheel-w4vp9be6/cryptography_344b01faf0ff4c40ae997fd4c7293501/src/rust/cryptography-x509)
#11 74.79       <jemalloc>: MADV_DONTNEED does not work (memset will be used instead)
#11 74.79       <jemalloc>: (This is the expected behaviour if you are running under QEMU)
#11 74.79          Compiling pyo3-macros v0.23.2
#11 74.79       <jemalloc>: MADV_DONTNEED does not work (memset will be used instead)
#11 74.79       <jemalloc>: (This is the expected behaviour if you are running under QEMU)
#11 74.79       <jemalloc>: MADV_DONTNEED does not work (memset will be used instead)
#11 74.79       <jemalloc>: (This is the expected behaviour if you are running under QEMU)
#11 74.79          Compiling cryptography-cffi v0.1.0 (/tmp/pip-wheel-w4vp9be6/cryptography_344b01faf0ff4c40ae997fd4c7293501/src/rust/cryptography-cffi)
#11 74.79       <jemalloc>: MADV_DONTNEED does not work (memset will be used instead)
#11 74.79       <jemalloc>: (This is the expected behaviour if you are running under QEMU)
#11 74.79       error: linking with `cc` failed: exit status: 4
#11 74.79         |
#11 74.79         = note: LC_ALL="C" PATH="/opt/rustup/toolchains/1.83.0-x86_64-unknown-linux-gnu/lib/rustlib/x86_64-unknown-linux-gnu/bin:/tmp/pip-build-env-e5tsmsdw/overlay/bin:/tmp/pip-build-env-e5tsmsdw/normal/bin:/opt/cargo/bin:/usr/local/bin:/usr/local/sbin:/usr/local/bin:/usr/sbin:/usr/bin:/sbin:/bin" VSLANG="1033" "cc" "-m64" "/tmp/rustcQM0Mbg/symbols.o" "/tmp/pip-wheel-w4vp9be6/cryptography_344b01faf0ff4c40ae997fd4c7293501/target/release/build/cryptography-cffi-ad66236e234aeb24/build_script_build-ad66236e234aeb24.build_script_build.a7e8fc30471ee17-cgu.0.rcgu.o" "/tmp/pip-wheel-w4vp9be6/cryptography_344b01faf0ff4c40ae997fd4c7293501/target/release/build/cryptography-cffi-ad66236e234aeb24/build_script_build-ad66236e234aeb24.86xybgxf63hkgy8exuxiewi93.rcgu.o" "-Wl,--as-needed" "-Wl,-Bstatic" "/tmp/pip-wheel-w4vp9be6/cryptography_344b01faf0ff4c40ae997fd4c7293501/target/release/deps/libcc-87f5b42b8f9753db.rlib" "/tmp/pip-wheel-w4vp9be6/cryptography_344b01faf0ff4c40ae997fd4c7293501/target/release/deps/libshlex-d6d405a0cd113e96.rlib" "/opt/rustup/toolchains/1.83.0-x86_64-unknown-linux-gnu/lib/rustlib/x86_64-unknown-linux-gnu/lib/libstd-ca74a2d9c5166d9f.rlib" "/opt/rustup/toolchains/1.83.0-x86_64-unknown-linux-gnu/lib/rustlib/x86_64-unknown-linux-gnu/lib/libpanic_unwind-e31ab23316ed5080.rlib" "/opt/rustup/toolchains/1.83.0-x86_64-unknown-linux-gnu/lib/rustlib/x86_64-unknown-linux-gnu/lib/libobject-27dc4aa955912662.rlib" "/opt/rustup/toolchains/1.83.0-x86_64-unknown-linux-gnu/lib/rustlib/x86_64-unknown-linux-gnu/lib/libmemchr-bd0d6cccce077b99.rlib" "/opt/rustup/toolchains/1.83.0-x86_64-unknown-linux-gnu/lib/rustlib/x86_64-unknown-linux-gnu/lib/libaddr2line-8d001680935b5e3c.rlib" "/opt/rustup/toolchains/1.83.0-x86_64-unknown-linux-gnu/lib/rustlib/x86_64-unknown-linux-gnu/lib/libgimli-ba8ce71964f984f4.rlib" "/opt/rustup/toolchains/1.83.0-x86_64-unknown-linux-gnu/lib/rustlib/x86_64-unknown-linux-gnu/lib/librustc_demangle-99a73526abcec14b.rlib" "/opt/rustup/toolchains/1.83.0-x86_64-unknown-linux-gnu/lib/rustlib/x86_64-unknown-linux-gnu/lib/libstd_detect-63ac0d22cff92579.rlib" "/opt/rustup/toolchains/1.83.0-x86_64-unknown-linux-gnu/lib/rustlib/x86_64-unknown-linux-gnu/lib/libhashbrown-9057355c92c922d5.rlib" "/opt/rustup/toolchains/1.83.0-x86_64-unknown-linux-gnu/lib/rustlib/x86_64-unknown-linux-gnu/lib/librustc_std_workspace_alloc-358be9bc1f6bab04.rlib" "/opt/rustup/toolchains/1.83.0-x86_64-unknown-linux-gnu/lib/rustlib/x86_64-unknown-linux-gnu/lib/libminiz_oxide-aca15549d5bff974.rlib" "/opt/rustup/toolchains/1.83.0-x86_64-unknown-linux-gnu/lib/rustlib/x86_64-unknown-linux-gnu/lib/libadler-8251d2cef7072448.rlib" "/opt/rustup/toolchains/1.83.0-x86_64-unknown-linux-gnu/lib/rustlib/x86_64-unknown-linux-gnu/lib/libunwind-7d50b86011c66411.rlib" "/opt/rustup/toolchains/1.83.0-x86_64-unknown-linux-gnu/lib/rustlib/x86_64-unknown-linux-gnu/lib/libcfg_if-51ea098fce5006bf.rlib" "/opt/rustup/toolchains/1.83.0-x86_64-unknown-linux-gnu/lib/rustlib/x86_64-unknown-linux-gnu/lib/liblibc-5a14e0d0b712e731.rlib" "/opt/rustup/toolchains/1.83.0-x86_64-unknown-linux-gnu/lib/rustlib/x86_64-unknown-linux-gnu/lib/liballoc-8b83dbf3a7b8f999.rlib" "/opt/rustup/toolchains/1.83.0-x86_64-unknown-linux-gnu/lib/rustlib/x86_64-unknown-linux-gnu/lib/librustc_std_workspace_core-c6fd227bdc7b39ff.rlib" "/opt/rustup/toolchains/1.83.0-x86_64-unknown-linux-gnu/lib/rustlib/x86_64-unknown-linux-gnu/lib/libcore-959d3389fa3da8a5.rlib" "/opt/rustup/toolchains/1.83.0-x86_64-unknown-linux-gnu/lib/rustlib/x86_64-unknown-linux-gnu/lib/libcompiler_builtins-abe05db089cc2c62.rlib" "-Wl,-Bdynamic" "-lgcc_s" "-lutil" "-lrt" "-lpthread" "-lm" "-ldl" "-lc" "-Wl,--eh-frame-hdr" "-Wl,-z,noexecstack" "-L" "/opt/rustup/toolchains/1.83.0-x86_64-unknown-linux-gnu/lib/rustlib/x86_64-unknown-linux-gnu/lib" "-o" "/tmp/pip-wheel-w4vp9be6/cryptography_344b01faf0ff4c40ae997fd4c7293501/target/release/build/cryptography-cffi-ad66236e234aeb24/build_script_build-ad66236e234aeb24" "-Wl,--gc-sections" "-pie" "-Wl,-z,relro,-z,now" "-Wl,--strip-debug" "-nodefaultlibs"
#11 74.79         = note: cc: internal compiler error: Segmentation fault signal terminated program collect2
#11 74.79                 Please submit a full bug report, with preprocessed source (by using -freport-bug).
#11 74.79                 See <file:///usr/share/doc/gcc-12/README.Bugs> for instructions.
#11 74.79       
#11 74.79       
#11 74.79       error: could not compile `cryptography-cffi` (build script) due to 1 previous error
#11 74.79       warning: build failed, waiting for other jobs to finish...
#11 74.79       💥 maturin failed
#11 74.79         Caused by: Failed to build a native library through cargo
#11 74.79         Caused by: Cargo build finished with "exit status: 101": `env -u CARGO PYO3_BUILD_EXTENSION_MODULE="1" PYO3_ENVIRONMENT_SIGNATURE="cpython-3.12-64bit" PYO3_PYTHON="/usr/local/bin/python3.12" PYTHON_SYS_EXECUTABLE="/usr/local/bin/python3.12" "cargo" "rustc" "--profile" "release" "--features" "pyo3/abi3-py37" "--message-format" "json-render-diagnostics" "--locked" "--manifest-path" "/tmp/pip-wheel-w4vp9be6/cryptography_344b01faf0ff4c40ae997fd4c7293501/src/rust/Cargo.toml" "--lib"`
#11 74.79       Error: command ['maturin', 'pep517', 'build-wheel', '-i', '/usr/local/bin/python3.12', '--compatibility', 'off'] returned non-zero exit status 1
#11 74.79       [end of output]
#11 74.79   
#11 74.79   note: This error originates from a subprocess, and is likely not a problem with pip.
#11 74.79   ERROR: Failed building wheel for cryptography
#11 74.79 Failed to build cryptography
#11 75.37 
#11 75.37 [notice] A new release of pip is available: 25.0.1 -> 26.2.1
#11 75.37 [notice] To update, run: pip install --upgrade pip
#11 75.37 ERROR: Failed to build one or more wheels
#11 ERROR: process "/bin/sh -c pip wheel --no-cache-dir --no-deps --no-binary cryptography --wheel-dir /wheels       cryptography==${CRYPTOGRAPHY_VERSION}" did not complete successfully: exit code: 1
------
 > [wheels 3/3] RUN pip wheel --no-cache-dir --no-deps --no-binary cryptography --wheel-dir /wheels       cryptography==44.0.0:
74.79       Error: command ['maturin', 'pep517', 'build-wheel', '-i', '/usr/local/bin/python3.12', '--compatibility', 'off'] returned non-zero exit status 1
74.79       [end of output]
74.79   
74.79   note: This error originates from a subprocess, and is likely not a problem with pip.
74.79   ERROR: Failed building wheel for cryptography
74.79 Failed to build cryptography
75.37 
75.37 [notice] A new release of pip is available: 25.0.1 -> 26.2.1
75.37 [notice] To update, run: pip install --upgrade pip
75.37 ERROR: Failed to build one or more wheels
------
ERROR: failed to build: failed to solve: process "/bin/sh -c pip wheel --no-cache-dir --no-deps --no-binary cryptography --wheel-dir /wheels       cryptography==${CRYPTOGRAPHY_VERSION}" did not complete successfully: exit code: 1
